mkdocs : 
At line:1 char:1
+ mkdocs build > build_output.txt 2>&1
+ ~~~~~~~~~~~~~~~~~~~~~~~~~~~~~~~~~~~~
    + CategoryInfo          : NotSpecified: (:String) [] 
   , RemoteException
    + FullyQualifiedErrorId : NativeCommandError
 
 \u2502  \u26a0  WARNING û MkDocs 2.0 is incompatible 
with Material for MkDocs
 \u2502
 \u2502  MkDocs 2.0 introduces backward-incompatible 
changes:
 \u2502
 \u2502  ╫ All plugins will stop working û the plugin 
system has been removed
 \u2502  ╫ All theme overrides will break û the theming 
system has been rewritten
 \u2502  ╫ No migration path exists û existing projects 
cannot be upgraded
 \u2502  ╫ Closed contribution model û community members 
can't report bugs
 \u2502  ╫ Currently unlicensed û unsuitable for 
production use
 \u2502
 \u2502  Our full analysis:
 \u2502
 \u2502  https://squidfunk.github.io/mkdocs-material/blog
/2026/02/18/mkdocs-2.0/

INFO    -  Cleaning site directory
INFO    -  Building documentation to directory: 
C:\ideas\eden\site
INFO    -  The following pages exist in the docs 
directory, but are not included in the "nav" 
configuration:
  - source\index.md
INFO    -  Doc file 
'getting-started/example-snippets.md' contains an 
unrecognized relative link '../guides/', it was left as 
is.
INFO    -  Doc file 
'getting-started/example-snippets.md' contains an 
unrecognized relative link '../../examples/', it was 
left as is.
WARNING -  Doc file 'getting-started/learning-path.md' 
contains a link '../../examples/01_hello.py', but the 
target '../examples/01_hello.py' is not found among 
documentation files.
INFO    -  Doc file 'guides/websocket-auth.md' contains 
an unrecognized relative link 
'../../examples/chat-websocket-auth/', it was left as is.
INFO    -  Doc file 'guides/websocket-auth.md' contains 
an unrecognized relative link '../../examples/', it was 
left as is.
INFO    -  Doc file 'tutorial/task10_testing.md' 
contains an unrecognized relative link '../guides/', it 
was left as is.
INFO    -  Doc file 'tutorial/task10_testing.md' 
contains an absolute link '/docs', it was left as is.
INFO    -  Doc file 'tutorial/task10_testing.md' 
contains an absolute link '/cookbooks', it was left as 
is.
INFO    -  Doc file 'guides/templating.md' contains a 
link '#control-flow-directives', but there is no such 
anchor on this page.
INFO    -  Doc file 'guides/templating.md' contains a 
link '#form-directives', but there is no such anchor on 
this page.
INFO    -  Doc file 'guides/templating.md' contains a 
link '#authentication--authorization', but there is no 
such anchor on this page.
INFO    -  Doc file 'guides/templating.md' contains a 
link '#routing--navigation', but there is no such anchor 
on this page.
INFO    -  Doc file 'guides/templating.md' contains a 
link '#template-inheritance--layout', but there is no 
such anchor on this page.
INFO    -  Doc file 'guides/templating.md' contains a 
link '#components--fragments', but there is no such 
anchor on this page.
INFO    -  Documentation built in 6.12 seconds
