============================= test session starts =============================
platform win32 -- Python 3.14.3, pytest-9.0.2, pluggy-1.6.0 -- C:\Users\COBBY\AppData\Local\Python\pythoncore-3.14-64\python.exe
cachedir: .pytest_cache
rootdir: C:\PROJECTS\eden-framework
configfile: pyproject.toml
plugins: anyio-4.12.1, asyncio-1.3.0
asyncio: mode=Mode.AUTO, debug=False, asyncio_default_fixture_loop_scope=None, asyncio_default_test_loop_scope=function
collecting ... collected 12 items

tests/test_tenancy.py::test_tenant_creation PASSED                       [  8%]
tests/test_tenancy.py::test_tenant_isolation PASSED                      [ 16%]
tests/test_tenancy.py::test_cross_tenant_access_prevention PASSED        [ 25%]
tests/test_tenancy.py::test_global_access_no_context PASSED              [ 33%]
tests/test_tenancy.py::test_manual_tenant_assignment PASSED              [ 41%]
tests/test_orm_enhanced.py::test_orm_json_field PASSED                   [ 50%]
tests/test_orm_enhanced.py::test_queryset_aggregate_django_style PASSED  [ 58%]
tests/test_orm_enhanced.py::test_queryset_annotate_complex PASSED        [ 66%]
tests/test_orm_enhanced.py::test_orm_complex_lookups PASSED              [ 75%]
tests/test_orm_enhanced.py::test_queryset_update_returning PASSED        [ 83%]
tests/test_orm_enhanced.py::test_queryset_delete PASSED                  [ 91%]
tests/test_orm_enhanced.py::test_orm_f_relationship_oneliner FAILED      [100%]

================================== FAILURES ===================================
______________________ test_orm_f_relationship_oneliner _______________________
tests\test_orm_enhanced.py:128: in test_orm_f_relationship_oneliner
    assert len(fetched_parent.children) == 1
E   assert 0 == 1
E    +  where 0 = len([])
E    +    where [] = <tests.test_orm_enhanced.EnhancedParent object at 0x0000022269390EC0>.children
=========================== short test summary info ===========================
FAILED tests/test_orm_enhanced.py::test_orm_f_relationship_oneliner - assert ...
======================== 1 failed, 11 passed in 0.84s =========================
