============================= test session starts =============================
platform win32 -- Python 3.13.12, pytest-9.0.2, pluggy-1.6.0 -- C:\Users\COBBY\AppData\Local\Microsoft\WindowsApps\PythonSoftwareFoundation.Python.3.13_qbz5n2kfra8p0\python.exe
cachedir: .pytest_cache
rootdir: C:\Users\COBBY\OneDrive\Desktop\ideas\eden
configfile: pyproject.toml
plugins: anyio-4.12.1, Faker-40.1.2, asyncio-1.3.0, cov-7.0.0, django-4.11.1
asyncio: mode=Mode.AUTO, debug=False, asyncio_default_fixture_loop_scope=None, asyncio_default_test_loop_scope=function
collecting ... collected 4 items

tests/test_tasks_advanced.py::TestTasksAdvanced::test_task_di_support FAILED [ 25%]
tests/test_tasks_advanced.py::TestTasksAdvanced::test_task_retries FAILED [ 50%]
tests/test_tasks_advanced.py::TestTasksAdvanced::test_periodic_task_cron PASSED [ 75%]
tests/test_tasks_advanced.py::TestTasksAdvanced::test_periodic_task_interval PASSED [100%]

================================== FAILURES ===================================
___________________ TestTasksAdvanced.test_task_di_support ____________________

self = <tests.test_tasks_advanced.TestTasksAdvanced object at 0x000002AE7FC54CD0>
app = <eden.app.Eden object at 0x000002AE7FCE4EC0>

    @pytest.mark.asyncio
    async def test_task_di_support(self, app):
        @app.task()
        async def my_task(arg, dep=Depends(get_test_dep)):
            task_state["execution_count"] += 1
            task_state["last_arg"] = arg
            if dep == "resolved_dep":
                task_state["di_resolved"] = True
    
        await app.broker.startup()
        try:
            # We call the task handler directly for testing if we don't want to wait for full taskiq queue
            # But the 'handler' inside taskiq is what we want to test.
            # In InMemoryBroker, we can just kiq and it executes.
            await my_task.kiq(arg="hello")
>           assert task_state["execution_count"] == 1
E           assert 0 == 1

tests\test_tasks_advanced.py:46: AssertionError
_____________________ TestTasksAdvanced.test_task_retries _____________________

self = <tests.test_tasks_advanced.TestTasksAdvanced object at 0x000002AE7FC55590>
app = <eden.app.Eden object at 0x000002AE7FC56990>

    @pytest.mark.asyncio
    async def test_task_retries(self, app):
        @app.task(max_retries=2, retry_delays=[0.1, 0.1])
        async def failing_task():
            task_state["retry_attempts"] += 1
            if task_state["retry_attempts"] < 3:
                raise ValueError("Failed")
            return "success"
    
        await app.broker.startup()
        try:
            await failing_task.kiq()
            # 1 initial + 2 retries = 3 attempts total
>           assert task_state["retry_attempts"] == 3
E           assert 0 == 3

tests\test_tasks_advanced.py:65: AssertionError
------------------------------ Captured log call ------------------------------
WARNING  eden.tasks:__init__.py:368 Task 'failing_task' failed (attempt 1). Retrying in 0s...
---------------------------- Captured log teardown ----------------------------
ERROR    taskiq.receiver.receiver:receiver.py:282 Exception found while executing function: 
Traceback (most recent call last):
  File "C:\Users\COBBY\OneDrive\Desktop\ideas\eden\eden\tasks\__init__.py", line 346, in task_handler
    return await func(*args, **final_kwargs)
           ^^^^^^^^^^^^^^^^^^^^^^^^^^^^^^^^^
  File "C:\Users\COBBY\OneDrive\Desktop\ideas\eden\tests\test_tasks_advanced.py", line 58, in failing_task
    raise ValueError("Failed")
ValueError: Failed

During handling of the above exception, another exception occurred:

Traceback (most recent call last):
  File "C:\Users\COBBY\AppData\Local\Packages\PythonSoftwareFoundation.Python.3.13_qbz5n2kfra8p0\LocalCache\local-packages\Python313\site-packages\taskiq\receiver\receiver.py", line 268, in run_task
    target_future = await target_future
                    ^^^^^^^^^^^^^^^^^^^
  File "C:\Users\COBBY\OneDrive\Desktop\ideas\eden\eden\tasks\__init__.py", line 369, in task_handler
    await asyncio.sleep(delay)
  File "C:\Program Files\WindowsApps\PythonSoftwareFoundation.Python.3.13_3.13.3312.0_x64__qbz5n2kfra8p0\Lib\asyncio\tasks.py", line 718, in sleep
    return await future
           ^^^^^^^^^^^^
asyncio.exceptions.CancelledError
=========================== short test summary info ===========================
FAILED tests/test_tasks_advanced.py::TestTasksAdvanced::test_task_di_support
FAILED tests/test_tasks_advanced.py::TestTasksAdvanced::test_task_retries - a...
========================= 2 failed, 2 passed in 1.54s =========================
